// Jest Snapshot v1, https://goo.gl/fbAQLP

exports[`Request Follow Button snapshot test 1`] = `[Function]`;

exports[`Request Follow Button snapshot test 2`] = `[Function]`;
