// Jest Snapshot v1, https://goo.gl/fbAQLP

exports[`user caption snapshot test 1`] = `
<Text
  style={
    Array [
      Object {
        "color": "#000000",
        "fontFamily": "System",
        "fontWeight": "400",
        "textAlign": "left",
      },
      Array [
        Object {
          "color": "rgba(0, 0, 0, 0.87)",
          "fontFamily": "System",
          "fontWeight": "400",
          "textAlign": "left",
          "writingDirection": "ltr",
        },
        Array [
          Object {
            "fontSize": 16,
            "letterSpacing": 0.5,
            "lineHeight": 24,
            "marginVertical": 2,
          },
          undefined,
        ],
        Array [
          Object {
            "fontSize": 16,
            "letterSpacing": 0.5,
            "lineHeight": 24,
            "marginVertical": 2,
          },
          undefined,
        ],
      ],
    ]
  }
>
  <Text
    style={
      Object {
        "color": "#3700b3",
        "fontWeight": "bold",
      }
    }
  >
    test
  </Text>
</Text>
`;
